main.cpp:63:6:void HAL_UART_RxCpltCallback(UART_HandleTypeDef*)	16	static
main.cpp:78:5:int main()	8	static
main.cpp:131:6:void SystemClock_Config()	96	static
main.cpp:176:13:void MX_TIM1_Init()	96	static
main.cpp:253:13:void MX_TIM6_Init()	24	static
main.cpp:291:13:void MX_USART2_UART_Init()	8	static
main.cpp:326:13:void MX_GPIO_Init()	40	static
main.cpp:389:1:Function::Function()	16	static
main.cpp:392:1:Function::~Function()	16	static
main.cpp:395:6:void Function::outputPWM_LED(int)	16	static
main.cpp:415:6:void Function::outputPWM1(int)	16	static
main.cpp:433:6:void Function::outputPWM0(int)	48	static
main.cpp:459:6:void Error_Handler()	4	static,ignoring_inline_asm
