main.cpp:72:5:int main()	8	static
main.cpp:121:6:void SystemClock_Config()	96	static
main.cpp:166:13:void MX_TIM1_Init()	96	static
main.cpp:243:13:void MX_TIM6_Init()	24	static
main.cpp:281:13:void MX_USART2_UART_Init()	8	static
main.cpp:316:13:void MX_GPIO_Init()	40	static
main.cpp:379:1:Function::Function()	16	static
main.cpp:382:1:Function::~Function()	16	static
main.cpp:385:6:void Function::outputPWM_LED(int)	16	static
main.cpp:405:6:void Function::outputPWM1(int)	16	static
main.cpp:423:6:void Function::outputPWM0(int)	48	static
main.cpp:449:6:void Error_Handler()	4	static,ignoring_inline_asm
