PWM.hpp:49:2:PWM::PWM()	16	static
stm32f3xx_it.cpp:77:6:void NMI_Handler()	4	static
stm32f3xx_it.cpp:92:6:void HardFault_Handler()	4	static
stm32f3xx_it.cpp:107:6:void MemManage_Handler()	4	static
stm32f3xx_it.cpp:122:6:void BusFault_Handler()	4	static
stm32f3xx_it.cpp:137:6:void UsageFault_Handler()	4	static
stm32f3xx_it.cpp:152:6:void SVC_Handler()	4	static
stm32f3xx_it.cpp:165:6:void DebugMon_Handler()	4	static
stm32f3xx_it.cpp:178:6:void PendSV_Handler()	4	static
stm32f3xx_it.cpp:191:6:void SysTick_Handler()	8	static
stm32f3xx_it.cpp:212:6:void EXTI1_IRQHandler()	8	static
stm32f3xx_it.cpp:226:6:void EXTI3_IRQHandler()	8	static
stm32f3xx_it.cpp:240:6:void USART2_IRQHandler()	8	static
stm32f3xx_it.cpp:254:6:void TIM6_DAC1_IRQHandler()	8	static
stm32f3xx_it.cpp:266:1:void __static_initialization_and_destruction_0(int, int)	24	static
stm32f3xx_it.cpp:266:1:cpp)	8	static
